// Jest Snapshot v1, https://goo.gl/fbAQLP

exports[`expect to render cardlist component 1`] = `
<div>
  <Card
    email="sabrina@gmail.com"
    id={1}
    key="0"
    name="Sabrina"
  />
</div>
`;
